------------------------------------------------------------
Timing Analyzer Summary
------------------------------------------------------------

Type  : Slow 1100mV 100C Model Setup '__main|_clk_gen|altera_pll_i|general[1].gpll~PLL_OUTPUT_COUNTER|divclk'
Slack : -1.907
TNS   : -90.044

Type  : Slow 1100mV 100C Model Setup 'clk'
Slack : 6.886
TNS   : 0.000

Type  : Slow 1100mV 100C Model Hold 'clk'
Slack : 0.359
TNS   : 0.000

Type  : Slow 1100mV 100C Model Hold '__main|_clk_gen|altera_pll_i|general[1].gpll~PLL_OUTPUT_COUNTER|divclk'
Slack : 0.389
TNS   : 0.000

Type  : Slow 1100mV 100C Model Minimum Pulse Width '__main|_clk_gen|altera_pll_i|general[0].gpll~FRACTIONAL_PLL|vcoph[0]'
Slack : 1.250
TNS   : 0.000

Type  : Slow 1100mV 100C Model Minimum Pulse Width 'clk'
Slack : 8.806
TNS   : 0.000

Type  : Slow 1100mV 100C Model Minimum Pulse Width '__main|_clk_gen|altera_pll_i|general[1].gpll~PLL_OUTPUT_COUNTER|divclk'
Slack : 18.558
TNS   : 0.000

Type  : Slow 1100mV -40C Model Setup '__main|_clk_gen|altera_pll_i|general[1].gpll~PLL_OUTPUT_COUNTER|divclk'
Slack : -2.092
TNS   : -86.624

Type  : Slow 1100mV -40C Model Setup 'clk'
Slack : 6.906
TNS   : 0.000

Type  : Slow 1100mV -40C Model Hold 'clk'
Slack : 0.339
TNS   : 0.000

Type  : Slow 1100mV -40C Model Hold '__main|_clk_gen|altera_pll_i|general[1].gpll~PLL_OUTPUT_COUNTER|divclk'
Slack : 0.363
TNS   : 0.000

Type  : Slow 1100mV -40C Model Minimum Pulse Width '__main|_clk_gen|altera_pll_i|general[0].gpll~FRACTIONAL_PLL|vcoph[0]'
Slack : 1.250
TNS   : 0.000

Type  : Slow 1100mV -40C Model Minimum Pulse Width 'clk'
Slack : 8.807
TNS   : 0.000

Type  : Slow 1100mV -40C Model Minimum Pulse Width '__main|_clk_gen|altera_pll_i|general[1].gpll~PLL_OUTPUT_COUNTER|divclk'
Slack : 18.540
TNS   : 0.000

Type  : Fast 1100mV 100C Model Setup '__main|_clk_gen|altera_pll_i|general[1].gpll~PLL_OUTPUT_COUNTER|divclk'
Slack : 8.075
TNS   : 0.000

Type  : Fast 1100mV 100C Model Setup 'clk'
Slack : 12.689
TNS   : 0.000

Type  : Fast 1100mV 100C Model Hold '__main|_clk_gen|altera_pll_i|general[1].gpll~PLL_OUTPUT_COUNTER|divclk'
Slack : 0.180
TNS   : 0.000

Type  : Fast 1100mV 100C Model Hold 'clk'
Slack : 0.180
TNS   : 0.000

Type  : Fast 1100mV 100C Model Minimum Pulse Width '__main|_clk_gen|altera_pll_i|general[0].gpll~FRACTIONAL_PLL|vcoph[0]'
Slack : 1.250
TNS   : 0.000

Type  : Fast 1100mV 100C Model Minimum Pulse Width 'clk'
Slack : 8.484
TNS   : 0.000

Type  : Fast 1100mV 100C Model Minimum Pulse Width '__main|_clk_gen|altera_pll_i|general[1].gpll~PLL_OUTPUT_COUNTER|divclk'
Slack : 18.879
TNS   : 0.000

Type  : Fast 1100mV -40C Model Setup '__main|_clk_gen|altera_pll_i|general[1].gpll~PLL_OUTPUT_COUNTER|divclk'
Slack : 9.512
TNS   : 0.000

Type  : Fast 1100mV -40C Model Setup 'clk'
Slack : 13.829
TNS   : 0.000

Type  : Fast 1100mV -40C Model Hold 'clk'
Slack : 0.159
TNS   : 0.000

Type  : Fast 1100mV -40C Model Hold '__main|_clk_gen|altera_pll_i|general[1].gpll~PLL_OUTPUT_COUNTER|divclk'
Slack : 0.167
TNS   : 0.000

Type  : Fast 1100mV -40C Model Minimum Pulse Width '__main|_clk_gen|altera_pll_i|general[0].gpll~FRACTIONAL_PLL|vcoph[0]'
Slack : 1.250
TNS   : 0.000

Type  : Fast 1100mV -40C Model Minimum Pulse Width 'clk'
Slack : 8.415
TNS   : 0.000

Type  : Fast 1100mV -40C Model Minimum Pulse Width '__main|_clk_gen|altera_pll_i|general[1].gpll~PLL_OUTPUT_COUNTER|divclk'
Slack : 18.883
TNS   : 0.000

------------------------------------------------------------
