------------------------------------------------------------
Timing Analyzer Summary
------------------------------------------------------------

Type  : Slow 1100mV 100C Model Setup 'clk'
Slack : 7.952
TNS   : 0.000

Type  : Slow 1100mV 100C Model Hold 'clk'
Slack : 0.356
TNS   : 0.000

Type  : Slow 1100mV 100C Model Minimum Pulse Width 'clk'
Slack : 8.639
TNS   : 0.000

Type  : Slow 1100mV -40C Model Setup 'clk'
Slack : 7.986
TNS   : 0.000

Type  : Slow 1100mV -40C Model Hold 'clk'
Slack : 0.273
TNS   : 0.000

Type  : Slow 1100mV -40C Model Minimum Pulse Width 'clk'
Slack : 8.560
TNS   : 0.000

Type  : Fast 1100mV 100C Model Setup 'clk'
Slack : 13.269
TNS   : 0.000

Type  : Fast 1100mV 100C Model Hold 'clk'
Slack : 0.179
TNS   : 0.000

Type  : Fast 1100mV 100C Model Minimum Pulse Width 'clk'
Slack : 8.783
TNS   : 0.000

Type  : Fast 1100mV -40C Model Setup 'clk'
Slack : 14.420
TNS   : 0.000

Type  : Fast 1100mV -40C Model Hold 'clk'
Slack : 0.145
TNS   : 0.000

Type  : Fast 1100mV -40C Model Minimum Pulse Width 'clk'
Slack : 8.775
TNS   : 0.000

------------------------------------------------------------
